// Jest Snapshot v1, https://goo.gl/fbAQLP

exports[`AsciiTable works 1`] = `
"╒═══╕
│\\"x\\"│
╞═══╡
│\\"y\\"│
└───┘"
`;

exports[`Chart works 1`] = `
<div>
  <div>
    <undefined></undefined>
    <div
      style="display: flex; flex-direction: column;"
      class="vx-legend"
    >
    </div>
  </div>
  <h2>Static circular data</h2>
</div>
`;

exports[`Cypher works 1`] = `"pending"`;

exports[`CypherEditor works 1`] = `<div class="ReactCodeMirror"></div>`;

exports[`DesktopIntegration works 1`] = `null`;

exports[`DriverProvider works 1`] = `"Hello"`;

exports[`GraphAppBase works 1`] = `
<div>
  <p>Hello</p>
</div>
`;

exports[`Render works 1`] = `<p>Hello</p>`;

exports[`Sidebar works 1`] = `
<div>
  <div style="width: 86px; float: left; min-height: 400px; max-height: auto; display: flex; flex-direction: column;">
    <div
      fitted="horizontally"
      class="ui vertical labeled icon menu"
    >
      <a
        title="Tick button"
        data-test-id="drawerTick"
        onClick={[Function anonymous]}
        class="icon item"
      >
        <div>✔</div>
      </a>
    </div>
    <div
      style="margin-top: auto;"
      fitted="horizontally"
      class="ui vertical labeled icon menu"
    >
    </div>
  </div>
  <div>
    <div
      style="min-height: 400px; max-height: auto;"
      class="pushable"
    >
      <div class="ui vertical ui push left thin visible sidebar menu">
        <div class="pusher">
          <div class="ui basic segment">
            <span>Tick</span>
          </div>
        </div>
      </div>
    </div>
  </div>
</div>
`;
