// Jest Snapshot v1, https://goo.gl/fbAQLP

exports[`AsciiTable works 1`] = `
"╒═══╕
│\\"x\\"│
╞═══╡
│\\"y\\"│
└───┘"
`;

exports[`Chart works 1`] = `
<div>
  <div>
    <undefined></undefined>
    <div
      style="display: flex; flex-direction: column;"
      class="vx-legend"
    >
    </div>
  </div>
  <h2>Static circular data</h2>
</div>
`;

exports[`Cypher works 1`] = `"pending"`;

exports[`CypherEditor works 1`] = `<div class="ReactCodeMirror"></div>`;

exports[`DesktopIntegration works 1`] = `null`;

exports[`DriverProvider works 1`] = `"Hello"`;

exports[`GraphAppBase works 1`] = `
<div>
  <p>Hello</p>
</div>
`;

exports[`Render works 1`] = `<p>Hello</p>`;

exports[`Sidebar works 1`] = `
<div>
  <div
    style="min-height: 300px; max-height: auto;"
    class="pushable"
  >
    <div
      style="width: auto;"
      class="ui vertical ui push left visible sidebar menu"
    >
      <div class="pusher">
        <div class="ui basic segment"></div>
      </div>
    </div>
  </div>
  <a
    onClick={[Function anonymous]}
    class="item"
  >
  </a>
</div>
`;
